PH utils NULL "C:/Users/Hunar Khanna/Desktop/CG3207/VHDL/lab2/cg3207-project/utils.vhd" sub00/vhpl22 1384345095
AR addsub32 behavioral "C:/Users/Hunar Khanna/Desktop/CG3207/VHDL/lab2/cg3207-project/addsub32.vhd" sub00/vhpl06 1384345088
EN udiv32 NULL "C:/Users/Hunar Khanna/Desktop/CG3207/VHDL/lab2/cg3207-project/udiv32.vhd" sub00/vhpl18 1381434600
EN uaddsub32 NULL "C:/Users/Hunar Khanna/Desktop/CG3207/VHDL/lab2/cg3207-project/uaddsub32.vhd" sub00/vhpl07 1384345089
AR uaddsub32 behavioral "C:/Users/Hunar Khanna/Desktop/CG3207/VHDL/lab2/cg3207-project/uaddsub32.vhd" sub00/vhpl08 1384345090
AR control_unit behavioral "C:/Users/Hunar Khanna/Desktop/CG3207/VHDL/lab2/cg3207-project/control_unit.vhd" sub00/vhpl27 1382092850
EN rom NULL "C:/Users/Hunar Khanna/Desktop/CG3207/VHDL/lab2/cg3207-project/rom.vhd" sub00/vhpl20 1384345097
AR rom behavioral "C:/Users/Hunar Khanna/Desktop/CG3207/VHDL/lab2/cg3207-project/rom.vhd" sub00/vhpl21 1384345098
EN lab2 NULL "C:/Users/Hunar Khanna/Desktop/CG3207/VHDL/lab2/cg3207-project/LAB2.vhd" sub00/vhpl13 1384345105
EN mul32 NULL "C:/Users/Hunar Khanna/Desktop/CG3207/VHDL/lab2/cg3207-project/mul32.vhd" sub00/vhpl10 1384345091
EN cpu NULL "C:/Users/Hunar Khanna/Desktop/CG3207/VHDL/lab2/cg3207-project/cpu.vhd" sub00/vhpl32 1384345103
AR uadder32 behavioral "C:/Users/Hunar Khanna/Desktop/CG3207/VHDL/lab2/cg3207-project/uadder32.vhd" sub00/vhpl02 1384345084
EN addsub32 NULL "C:/Users/Hunar Khanna/Desktop/CG3207/VHDL/lab2/cg3207-project/addsub32.vhd" sub00/vhpl05 1384345087
AR cpu behavioral "C:/Users/Hunar Khanna/Desktop/CG3207/VHDL/lab2/cg3207-project/cpu.vhd" sub00/vhpl33 1384345104
EN uadder32 NULL "C:/Users/Hunar Khanna/Desktop/CG3207/VHDL/lab2/cg3207-project/uadder32.vhd" sub00/vhpl01 1384345083
AR fetch behavioral "C:/Users/Hunar Khanna/Desktop/CG3207/VHDL/lab2/cg3207-project/fetch.vhd" sub00/vhpl29 1382555198
AR decode behavioral "C:/Users/Hunar Khanna/Desktop/CG3207/VHDL/lab2/cg3207-project/decode.vhd" sub00/vhpl31 1384345100
AR ram behavioral "C:/Users/pc richard/Documents/CG3207/cg3207-project/ram.vhd" sub00/vhpl25 1383147732
AR umul32 behavioral "C:/Users/Hunar Khanna/Desktop/CG3207/VHDL/lab2/cg3207-project/umul32.vhd" sub00/vhpl16 1381425090
AR udiv32 behavioral "C:/Users/Hunar Khanna/Desktop/CG3207/VHDL/lab2/cg3207-project/udiv32.vhd" sub00/vhpl19 1381434601
EN div32 NULL "C:/Users/Hunar Khanna/Desktop/CG3207/VHDL/lab2/cg3207-project/div32.vhd" sub00/vhpl11 1384345093
AR adder32 behavioral "C:/Users/Hunar Khanna/Desktop/CG3207/VHDL/lab2/cg3207-project/adder32.vhd" sub00/vhpl04 1384345086
EN adder32 NULL "C:/Users/Hunar Khanna/Desktop/CG3207/VHDL/lab2/cg3207-project/adder32.vhd" sub00/vhpl03 1384345085
EN umul32 NULL "C:/Users/Hunar Khanna/Desktop/CG3207/VHDL/lab2/cg3207-project/umul32.vhd" sub00/vhpl15 1381425089
AR alu behavioral "C:/Users/Hunar Khanna/Desktop/CG3207/VHDL/lab2/cg3207-project/alu.vhd" sub00/vhpl09 1384345102
PB utils utils "C:/Users/Hunar Khanna/Desktop/CG3207/VHDL/lab2/cg3207-project/utils.vhd" sub00/vhpl23 1384345096
EN control_unit NULL "C:/Users/Hunar Khanna/Desktop/CG3207/VHDL/lab2/cg3207-project/control_unit.vhd" sub00/vhpl26 1382092849
EN ram NULL "C:/Users/pc richard/Documents/CG3207/cg3207-project/ram.vhd" sub00/vhpl24 1383147731
EN fetch NULL "C:/Users/Hunar Khanna/Desktop/CG3207/VHDL/lab2/cg3207-project/fetch.vhd" sub00/vhpl28 1382555197
EN decode NULL "C:/Users/Hunar Khanna/Desktop/CG3207/VHDL/lab2/cg3207-project/decode.vhd" sub00/vhpl30 1384345099
AR lab2 structural "C:/Users/Hunar Khanna/Desktop/CG3207/VHDL/lab2/cg3207-project/LAB2.vhd" sub00/vhpl14 1384345106
AR mul32 behavioral "C:/Users/Hunar Khanna/Desktop/CG3207/VHDL/lab2/cg3207-project/mul32.vhd" sub00/vhpl17 1384345092
EN alu NULL "C:/Users/Hunar Khanna/Desktop/CG3207/VHDL/lab2/cg3207-project/alu.vhd" sub00/vhpl00 1384345101
AR div32 behavioral "C:/Users/Hunar Khanna/Desktop/CG3207/VHDL/lab2/cg3207-project/div32.vhd" sub00/vhpl12 1384345094
