PH utils NULL "C:/Users/Hunar Khanna/Desktop/CG3207/VHDL/lab2/cg3207-project/utils.vhd" sub00/vhpl22 1382084355
AR addsub32 behavioral "C:/Users/Hunar Khanna/Desktop/CG3207/VHDL/lab2/cg3207-project/addsub32.vhd" sub00/vhpl06 1381437342
EN udiv32 NULL "C:/Users/Hunar Khanna/Desktop/CG3207/VHDL/lab2/cg3207-project/udiv32.vhd" sub00/vhpl18 1381434600
EN uaddsub32 NULL "C:/Users/Hunar Khanna/Desktop/CG3207/VHDL/lab2/cg3207-project/uaddsub32.vhd" sub00/vhpl07 1382071231
AR uaddsub32 behavioral "C:/Users/Hunar Khanna/Desktop/CG3207/VHDL/lab2/cg3207-project/uaddsub32.vhd" sub00/vhpl08 1382071232
EN rom NULL "C:/Users/Hunar Khanna/Desktop/CG3207/VHDL/lab2/cg3207-project/rom.vhd" sub00/vhpl20 1382082804
AR rom behavioral "C:/Users/Hunar Khanna/Desktop/CG3207/VHDL/lab2/cg3207-project/rom.vhd" sub00/vhpl21 1382082805
EN lab2 NULL "C:/Users/Hunar Khanna/Desktop/CG3207/VHDL/lab2/cg3207-project/LAB2.vhd" sub00/vhpl13 1381437351
EN mul32 NULL "C:/Users/Hunar Khanna/Desktop/CG3207/VHDL/lab2/cg3207-project/mul32.vhd" sub00/vhpl10 1381437345
AR uadder32 behavioral "C:/Users/Hunar Khanna/Desktop/CG3207/VHDL/lab2/cg3207-project/uadder32.vhd" sub00/vhpl02 1382071230
EN addsub32 NULL "C:/Users/Hunar Khanna/Desktop/CG3207/VHDL/lab2/cg3207-project/addsub32.vhd" sub00/vhpl05 1381437341
EN uadder32 NULL "C:/Users/Hunar Khanna/Desktop/CG3207/VHDL/lab2/cg3207-project/uadder32.vhd" sub00/vhpl01 1382071229
AR ram behavioral "C:/Users/Hunar Khanna/Desktop/CG3207/VHDL/lab2/cg3207-project/ram.vhd" sub00/vhpl25 1382084358
AR umul32 behavioral "C:/Users/Hunar Khanna/Desktop/CG3207/VHDL/lab2/cg3207-project/umul32.vhd" sub00/vhpl16 1381425090
AR udiv32 behavioral "C:/Users/Hunar Khanna/Desktop/CG3207/VHDL/lab2/cg3207-project/udiv32.vhd" sub00/vhpl19 1381434601
EN div32 NULL "C:/Users/Hunar Khanna/Desktop/CG3207/VHDL/lab2/cg3207-project/div32.vhd" sub00/vhpl11 1381437347
AR adder32 behavioral "C:/Users/Hunar Khanna/Desktop/CG3207/VHDL/lab2/cg3207-project/adder32.vhd" sub00/vhpl04 1381437340
EN adder32 NULL "C:/Users/Hunar Khanna/Desktop/CG3207/VHDL/lab2/cg3207-project/adder32.vhd" sub00/vhpl03 1381437339
EN umul32 NULL "C:/Users/Hunar Khanna/Desktop/CG3207/VHDL/lab2/cg3207-project/umul32.vhd" sub00/vhpl15 1381425089
AR alu behavioral "C:/Users/Hunar Khanna/Desktop/CG3207/VHDL/lab2/cg3207-project/alu.vhd" sub00/vhpl09 1381437350
PB utils utils "C:/Users/Hunar Khanna/Desktop/CG3207/VHDL/lab2/cg3207-project/utils.vhd" sub00/vhpl23 1382084356
EN ram NULL "C:/Users/Hunar Khanna/Desktop/CG3207/VHDL/lab2/cg3207-project/ram.vhd" sub00/vhpl24 1382084357
AR lab2 structural "C:/Users/Hunar Khanna/Desktop/CG3207/VHDL/lab2/cg3207-project/LAB2.vhd" sub00/vhpl14 1381437352
AR mul32 behavioral "C:/Users/Hunar Khanna/Desktop/CG3207/VHDL/lab2/cg3207-project/mul32.vhd" sub00/vhpl17 1381437346
EN alu NULL "C:/Users/Hunar Khanna/Desktop/CG3207/VHDL/lab2/cg3207-project/alu.vhd" sub00/vhpl00 1381437349
AR div32 behavioral "C:/Users/Hunar Khanna/Desktop/CG3207/VHDL/lab2/cg3207-project/div32.vhd" sub00/vhpl12 1381437348
