AR addsub32 behavioral "C:/Users/Hunar Khanna/Desktop/CG3207/VHDL/lab2/cg3207-project/addsub32.vhd" sub00/vhpl06 1381404301
EN udiv32 NULL "C:/Users/Hunar Khanna/Desktop/CG3207/VHDL/lab2/cg3207-project/udiv32.vhd" sub00/vhpl18 1381412984
EN uaddsub32 NULL "C:/Users/Hunar Khanna/Desktop/CG3207/VHDL/lab2/cg3207-project/uaddsub32.vhd" sub00/vhpl07 1381404302
AR uaddsub32 behavioral "C:/Users/Hunar Khanna/Desktop/CG3207/VHDL/lab2/cg3207-project/uaddsub32.vhd" sub00/vhpl08 1381404303
EN lab2 NULL "C:/Users/Hunar Khanna/Desktop/CG3207/VHDL/lab2/cg3207-project/LAB2.vhd" sub00/vhpl13 1381404310
EN mul32 NULL "C:/Users/Hunar Khanna/Desktop/CG3207/VHDL/lab2/cg3207-project/mul32.vhd" sub00/vhpl10 1381404304
AR uadder32 behavioral "C:/Users/Hunar Khanna/Desktop/CG3207/VHDL/lab2/cg3207-project/uadder32.vhd" sub00/vhpl02 1381404297
EN addsub32 NULL "C:/Users/Hunar Khanna/Desktop/CG3207/VHDL/lab2/cg3207-project/addsub32.vhd" sub00/vhpl05 1381404300
EN uadder32 NULL "C:/Users/Hunar Khanna/Desktop/CG3207/VHDL/lab2/cg3207-project/uadder32.vhd" sub00/vhpl01 1381404296
AR umul32 behavioral "C:/Users/Hunar Khanna/Desktop/CG3207/VHDL/lab2/cg3207-project/umul32.vhd" sub00/vhpl16 1381404295
AR udiv32 behavioral "C:/Users/Hunar Khanna/Desktop/CG3207/VHDL/lab2/cg3207-project/udiv32.vhd" sub00/vhpl19 1381412985
EN div32 NULL "C:/Users/pc richard/Documents/CG3207/cg3207-project/div32.vhd" sub00/vhpl11 1381289600
AR adder32 behavioral "C:/Users/Hunar Khanna/Desktop/CG3207/VHDL/lab2/cg3207-project/adder32.vhd" sub00/vhpl04 1381404299
EN adder32 NULL "C:/Users/Hunar Khanna/Desktop/CG3207/VHDL/lab2/cg3207-project/adder32.vhd" sub00/vhpl03 1381404298
EN umul32 NULL "C:/Users/Hunar Khanna/Desktop/CG3207/VHDL/lab2/cg3207-project/umul32.vhd" sub00/vhpl15 1381404294
AR alu behavioral "C:/Users/Hunar Khanna/Desktop/CG3207/VHDL/lab2/cg3207-project/alu.vhd" sub00/vhpl09 1381404309
AR lab2 structural "C:/Users/Hunar Khanna/Desktop/CG3207/VHDL/lab2/cg3207-project/LAB2.vhd" sub00/vhpl14 1381404311
AR mul32 behavioral "C:/Users/Hunar Khanna/Desktop/CG3207/VHDL/lab2/cg3207-project/mul32.vhd" sub00/vhpl17 1381404305
EN alu NULL "C:/Users/Hunar Khanna/Desktop/CG3207/VHDL/lab2/cg3207-project/alu.vhd" sub00/vhpl00 1381404308
AR div32 behavioral "C:/Users/pc richard/Documents/CG3207/cg3207-project/div32.vhd" sub00/vhpl12 1381289601
